FAILED
  ./test-blackbox.exe failed on ./test-blackbox.exe
